// Jest Snapshot v1, https://goo.gl/fbAQLP

exports[`Message renders 1`] = `undefined`;
