// Jest Snapshot v1, https://goo.gl/fbAQLP

exports[`DownloadButton Renders 1`] = `
<div class="download-btn">
  <p>Download
    <!---->
  </p>
</div>
`;
