// Jest Snapshot v1, https://goo.gl/fbAQLP

exports[`Card component component can render 1`] = `<div class="ui-card"></div>`;
