// Jest Snapshot v1, https://goo.gl/fbAQLP

exports[`Side nav menu can render 1`] = `
<div class="side-nav-container">
  <div class="dashboard">
    <h3>Dashboard</h3>
  </div>
  <div class="privacy">
    <h3>Privacy Policy</h3>
  </div>
  <div class="terms">
    <h3>Terms</h3>
  </div>
</div>
`;
