// Jest Snapshot v1, https://goo.gl/fbAQLP

exports[`Input renders 1`] = `<input placeholder="" class="ui-input">`;
